// Jest Snapshot v1, https://goo.gl/fbAQLP

exports[`render Game 1`] = `
ShallowWrapper {
  "length": 1,
  Symbol(enzyme.__root__): [Circular],
  Symbol(enzyme.__unrendered__): <Game
    actions={
        Object {
            "addGuess": [Function],
            "restartGame": [Function],
            "selectCard": [Function],
          }
    }
    cards={
        Array [
            Object {
              "icon": "flash",
              "matched": false,
              "selected": false,
            },
          ]
    }
    game={Object {}}
/>,
  Symbol(enzyme.__renderer__): Object {
    "batchedUpdates": [Function],
    "getNode": [Function],
    "render": [Function],
    "simulateEvent": [Function],
    "unmount": [Function],
  },
  Symbol(enzyme.__node__): Object {
    "instance": null,
    "key": undefined,
    "nodeType": "class",
    "props": Object {
      "addGuess": [Function],
      "cards": Array [
        Object {
          "icon": "flash",
          "matched": false,
          "selected": false,
        },
      ],
      "game": Object {},
      "restartGame": [Function],
      "selectCard": [Function],
    },
    "ref": null,
    "rendered": null,
    "type": [Function],
  },
  Symbol(enzyme.__nodes__): Array [
    Object {
      "instance": null,
      "key": undefined,
      "nodeType": "class",
      "props": Object {
        "addGuess": [Function],
        "cards": Array [
          Object {
            "icon": "flash",
            "matched": false,
            "selected": false,
          },
        ],
        "game": Object {},
        "restartGame": [Function],
        "selectCard": [Function],
      },
      "ref": null,
      "rendered": null,
      "type": [Function],
    },
  ],
  Symbol(enzyme.__options__): Object {
    "adapter": ReactSixteenAdapter {
      "options": Object {
        "enableComponentDidUpdateOnSetState": true,
      },
    },
  },
}
`;
